
> vite_react_shadcn_ts@0.0.0 build
> vite build

[36mvite v5.4.19 [32mbuilding for production...[36m[39m
transforming...
node.exe : Browserslist: browsers data (caniuse-lite) is 11 months old. Please run:
At line:1 char:1
+ & "C:\Program Files\nodejs/node.exe" "C:\Program Files\nodejs/node_mo ...
+ ~~~~~~~~~~~~~~~~~~~~~~~~~~~~~~~~~~~~~~~~~~~~~~~~~~~~~~~~~~~~~~~~~~~~~
    + CategoryInfo          : NotSpecified: (Browserslist: b...ld. Please run::String) [], RemoteException
    + FullyQualifiedErrorId : NativeCommandError
 
  npx update-browserslist-db@latest
  Why you should do it regularly: https://github.com/browserslist/update-db#readme
[32mΓ£ô[39m 97 modules transformed.
[31mx[39m Build failed in 1.25s
[31merror during build:
[31m[vite:esbuild] Transform failed with 1 error:
C:/Users/User/Desktop/Super Riasec/src/components/admin/KnowledgeCMS.tsx:36:8: ERROR: The symbol "queryClient" has 
already been declared[31m
file: [36mC:/Users/User/Desktop/Super Riasec/src/components/admin/KnowledgeCMS.tsx:36:8[31m
[33m
[33mThe symbol "queryClient" has already been declared[33m
34 |      t("cms.categories.soft_skills")
35 |    ];
36 |    const queryClient = useQueryClient();
   |          ^
37 |    const [isEditing, setIsEditing] = useState(false);
38 |    const [searchQuery, setSearchQuery] = useState("");
[31m
    at failureErrorWithLog (C:\Users\User\Desktop\Super Riasec\node_modules\esbuild\lib\main.js:1472:15)
    at C:\Users\User\Desktop\Super Riasec\node_modules\esbuild\lib\main.js:755:50
    at responseCallbacks.<computed> (C:\Users\User\Desktop\Super Riasec\node_modules\esbuild\lib\main.js:622:9)
    at handleIncomingPacket (C:\Users\User\Desktop\Super Riasec\node_modules\esbuild\lib\main.js:677:12)
    at Socket.readFromStdout (C:\Users\User\Desktop\Super Riasec\node_modules\esbuild\lib\main.js:600:7)
    at Socket.emit (node:events:508:28)
    at addChunk (node:internal/streams/readable:559:12)
    at readableAddChunkPushByteMode (node:internal/streams/readable:510:3)
    at Readable.push (node:internal/streams/readable:390:5)
    at Pipe.onStreamRead (node:internal/stream_base_commons:189:23)[39m
